<test_arc_interpolation_orientableCurve>
  <relationshiptest>
    <tests>
      <test>true</test>
    </tests>
  </relationshiptest>
</test_arc_interpolation_orientableCurve>